{"data":{"log_version":3,"version":"=2.0.0-preview.205"},"info":{"category":"","code":"A001","extra":{},"invocation_id":"01a0096a-35eb-7851-97c6-1fa8d84b14ba","level":"info","msg":"Running with dbt-fusion=2.0.0-preview.205","name":"MainReportVersion","pid":2702,"thread":"tokio-rt-worker","ts":"2026-08-16T07:12:30.710809Z"}}
{"data":{"args":{"debug":"false","invocation_command":"/Users/abdelrahmanesmat/.local/bin/dbt license info --json --log-format json","log_format":"json","quiet":"false","write_json":"true"}},"info":{"category":"","code":"A002","extra":{},"invocation_id":"01a0096a-35eb-7851-97c6-1fa8d84b14ba","level":"debug","msg":"running dbt-fusion with arguments {\"command\":\"license\",\"vars\":\"{}\",\"limit\":\"10\",\"debug\":false,\"log_format\":\"json\",\"quiet\":false,\"write_json\":true,\"write_catalog\":false,\"manage_state\":false}","name":"MainReportArgs","pid":2702,"thread":"tokio-rt-worker","ts":"2026-08-16T07:12:30.710910Z"}}
{"data":{},"info":{"category":"","code":"","extra":{},"invocation_id":"01a0096a-35eb-7851-97c6-1fa8d84b14ba","level":"debug","msg":"No platform credentials found, skipping remote license","name":"Generic","pid":2702,"thread":"tokio-rt-worker","ts":"2026-08-16T07:12:31.024760Z"}}
{"data":{},"info":{"category":"","code":"","extra":{},"invocation_id":"01a0096a-35eb-7851-97c6-1fa8d84b14ba","level":"debug","msg":"Requesting trial license from https://cloud.getdbt.com/api/private/trial-licenses/","name":"Generic","pid":2702,"thread":"main","ts":"2026-08-16T07:12:31.447421Z"}}
{"data":{},"info":{"category":"","code":"","extra":{},"invocation_id":"01a0096a-35eb-7851-97c6-1fa8d84b14ba","level":"debug","msg":"Trial license retrieved","name":"Generic","pid":2702,"thread":"main","ts":"2026-08-16T07:12:33.040200Z"}}
{"data":{},"info":{"category":"","code":"","extra":{},"invocation_id":"01a0096a-35eb-7851-97c6-1fa8d84b14ba","level":"debug","msg":"Trial license from trial license server is expired","name":"Generic","pid":2702,"thread":"tokio-rt-worker","ts":"2026-08-16T07:12:33.042100Z"}}
{"data":{"columns":[],"is_inline":true,"node_name":"license_info","output_format":"json","preview":"{\n  \"status\": \"trial_expired\",\n  \"licensing_enabled\": true,\n  \"expires_at\": \"2026-04-21T10:11:44+00:00\",\n  \"license_type\": \"trial\"\n}","unique_id":"license.info"},"info":{"category":"","code":"Q041","extra":{},"invocation_id":"01a0096a-35eb-7851-97c6-1fa8d84b14ba","level":"info","msg":"{\n  \"status\": \"trial_expired\",\n  \"licensing_enabled\": true,\n  \"expires_at\": \"2026-04-21T10:11:44+00:00\",\n  \"license_type\": \"trial\"\n}","name":"ShowNode","pid":2702,"thread":"tokio-rt-worker","ts":"2026-08-16T07:12:33.042493Z"}}
{"data":{"completed_at":"2026-08-16T07:12:33.158088Z","elapsed":2.447819948196411,"success":true},"info":{"category":"","code":"Q039","extra":{},"invocation_id":"01a0096a-35eb-7851-97c6-1fa8d84b14ba","level":"info","msg":"\n==================== Execution Summary =====================\nFinished 'license' successfully [2.4s]","name":"CommandCompleted","pid":2702,"thread":"tokio-rt-worker","ts":"2026-08-16T07:12:33.158880Z"}}
{"data":{"log_version":3,"version":"=2.0.0-preview.205"},"info":{"category":"","code":"A001","extra":{},"invocation_id":"01a0139c-b337-7782-be42-b5efa0325da6","level":"info","msg":"Running with dbt-fusion=2.0.0-preview.205","name":"MainReportVersion","pid":2394,"thread":"tokio-rt-worker","ts":"2026-08-18T06:43:51.760161Z"}}
{"data":{"args":{"debug":"false","invocation_command":"/Users/abdelrahmanesmat/.local/bin/dbt license info --json --log-format json","log_format":"json","quiet":"false","write_json":"true"}},"info":{"category":"","code":"A002","extra":{},"invocation_id":"01a0139c-b337-7782-be42-b5efa0325da6","level":"debug","msg":"running dbt-fusion with arguments {\"command\":\"license\",\"vars\":\"{}\",\"limit\":\"10\",\"debug\":false,\"log_format\":\"json\",\"quiet\":false,\"write_json\":true,\"write_catalog\":false,\"manage_state\":false}","name":"MainReportArgs","pid":2394,"thread":"tokio-rt-worker","ts":"2026-08-18T06:43:51.760276Z"}}
{"data":{},"info":{"category":"","code":"","extra":{},"invocation_id":"01a0139c-b337-7782-be42-b5efa0325da6","level":"debug","msg":"No platform credentials found, skipping remote license","name":"Generic","pid":2394,"thread":"tokio-rt-worker","ts":"2026-08-18T06:43:52.065335Z"}}
{"data":{},"info":{"category":"","code":"","extra":{},"invocation_id":"01a0139c-b337-7782-be42-b5efa0325da6","level":"debug","msg":"Trial license from file /Users/abdelrahmanesmat/.dbt/license.trial is expired","name":"Generic","pid":2394,"thread":"tokio-rt-worker","ts":"2026-08-18T06:43:52.068871Z"}}
{"data":{"columns":[],"is_inline":true,"node_name":"license_info","output_format":"json","preview":"{\n  \"status\": \"trial_expired\",\n  \"licensing_enabled\": true,\n  \"expires_at\": \"2026-04-21T10:11:44+00:00\",\n  \"license_type\": \"trial\"\n}","unique_id":"license.info"},"info":{"category":"","code":"Q041","extra":{},"invocation_id":"01a0139c-b337-7782-be42-b5efa0325da6","level":"info","msg":"{\n  \"status\": \"trial_expired\",\n  \"licensing_enabled\": true,\n  \"expires_at\": \"2026-04-21T10:11:44+00:00\",\n  \"license_type\": \"trial\"\n}","name":"ShowNode","pid":2394,"thread":"tokio-rt-worker","ts":"2026-08-18T06:43:52.069304Z"}}
{"data":{"completed_at":"2026-08-18T06:43:52.632484Z","elapsed":0.8730340003967285,"success":true},"info":{"category":"","code":"Q039","extra":{},"invocation_id":"01a0139c-b337-7782-be42-b5efa0325da6","level":"info","msg":"\n==================== Execution Summary =====================\nFinished 'license' successfully [873ms]","name":"CommandCompleted","pid":2394,"thread":"tokio-rt-worker","ts":"2026-08-18T06:43:52.633433Z"}}
{"data":{"log_version":3,"version":"=2.0.0-preview.205"},"info":{"category":"","code":"A001","extra":{},"invocation_id":"01a015f4-4ae9-7d12-8931-f335b537c56a","level":"info","msg":"Running with dbt-fusion=2.0.0-preview.205","name":"MainReportVersion","pid":1345,"thread":"tokio-rt-worker","ts":"2026-08-18T17:38:46.640607Z"}}
{"data":{"args":{"debug":"false","invocation_command":"/Users/abdelrahmanesmat/.local/bin/dbt license info --json --log-format json","log_format":"json","quiet":"false","write_json":"true"}},"info":{"category":"","code":"A002","extra":{},"invocation_id":"01a015f4-4ae9-7d12-8931-f335b537c56a","level":"debug","msg":"running dbt-fusion with arguments {\"command\":\"license\",\"vars\":\"{}\",\"limit\":\"10\",\"debug\":false,\"log_format\":\"json\",\"quiet\":false,\"write_json\":true,\"write_catalog\":false,\"manage_state\":false}","name":"MainReportArgs","pid":1345,"thread":"tokio-rt-worker","ts":"2026-08-18T17:38:46.640703Z"}}
{"data":{},"info":{"category":"","code":"","extra":{},"invocation_id":"01a015f4-4ae9-7d12-8931-f335b537c56a","level":"debug","msg":"No platform credentials found, skipping remote license","name":"Generic","pid":1345,"thread":"tokio-rt-worker","ts":"2026-08-18T17:38:46.949732Z"}}
{"data":{},"info":{"category":"","code":"","extra":{},"invocation_id":"01a015f4-4ae9-7d12-8931-f335b537c56a","level":"debug","msg":"Trial license from file /Users/abdelrahmanesmat/.dbt/license.trial is expired","name":"Generic","pid":1345,"thread":"tokio-rt-worker","ts":"2026-08-18T17:38:46.951892Z"}}
{"data":{"columns":[],"is_inline":true,"node_name":"license_info","output_format":"json","preview":"{\n  \"status\": \"trial_expired\",\n  \"licensing_enabled\": true,\n  \"expires_at\": \"2026-04-21T10:11:44+00:00\",\n  \"license_type\": \"trial\"\n}","unique_id":"license.info"},"info":{"category":"","code":"Q041","extra":{},"invocation_id":"01a015f4-4ae9-7d12-8931-f335b537c56a","level":"info","msg":"{\n  \"status\": \"trial_expired\",\n  \"licensing_enabled\": true,\n  \"expires_at\": \"2026-04-21T10:11:44+00:00\",\n  \"license_type\": \"trial\"\n}","name":"ShowNode","pid":1345,"thread":"tokio-rt-worker","ts":"2026-08-18T17:38:46.952349Z"}}
{"data":{"completed_at":"2026-08-18T17:38:47.592970Z","elapsed":0.952895998954773,"success":true},"info":{"category":"","code":"Q039","extra":{},"invocation_id":"01a015f4-4ae9-7d12-8931-f335b537c56a","level":"info","msg":"\n==================== Execution Summary =====================\nFinished 'license' successfully [952ms]","name":"CommandCompleted","pid":1345,"thread":"tokio-rt-worker","ts":"2026-08-18T17:38:47.593385Z"}}
{"data":{"log_version":3,"version":"=2.0.0-preview.205"},"info":{"category":"","code":"A001","extra":{},"invocation_id":"01a0514a-1351-7b82-b4e2-e5e4b504da4f","level":"info","msg":"Running with dbt-fusion=2.0.0-preview.205","name":"MainReportVersion","pid":3522,"thread":"tokio-rt-worker","ts":"2026-08-30T06:10:04.247124Z"}}
{"data":{"args":{"debug":"false","invocation_command":"/Users/abdelrahmanesmat/.local/bin/dbt license info --json --log-format json","log_format":"json","quiet":"false","write_json":"true"}},"info":{"category":"","code":"A002","extra":{},"invocation_id":"01a0514a-1351-7b82-b4e2-e5e4b504da4f","level":"debug","msg":"running dbt-fusion with arguments {\"command\":\"license\",\"vars\":\"{}\",\"limit\":\"10\",\"debug\":false,\"log_format\":\"json\",\"quiet\":false,\"write_json\":true,\"write_catalog\":false,\"manage_state\":false}","name":"MainReportArgs","pid":3522,"thread":"tokio-rt-worker","ts":"2026-08-30T06:10:04.247222Z"}}
{"data":{},"info":{"category":"","code":"","extra":{},"invocation_id":"01a0514a-1351-7b82-b4e2-e5e4b504da4f","level":"debug","msg":"No platform credentials found, skipping remote license","name":"Generic","pid":3522,"thread":"tokio-rt-worker","ts":"2026-08-30T06:10:04.567963Z"}}
{"data":{},"info":{"category":"","code":"","extra":{},"invocation_id":"01a0514a-1351-7b82-b4e2-e5e4b504da4f","level":"debug","msg":"Trial license from file /Users/abdelrahmanesmat/.dbt/license.trial is expired","name":"Generic","pid":3522,"thread":"tokio-rt-worker","ts":"2026-08-30T06:10:04.570341Z"}}
{"data":{"columns":[],"is_inline":true,"node_name":"license_info","output_format":"json","preview":"{\n  \"status\": \"trial_expired\",\n  \"licensing_enabled\": true,\n  \"expires_at\": \"2026-04-21T10:11:44+00:00\",\n  \"license_type\": \"trial\"\n}","unique_id":"license.info"},"info":{"category":"","code":"Q041","extra":{},"invocation_id":"01a0514a-1351-7b82-b4e2-e5e4b504da4f","level":"info","msg":"{\n  \"status\": \"trial_expired\",\n  \"licensing_enabled\": true,\n  \"expires_at\": \"2026-04-21T10:11:44+00:00\",\n  \"license_type\": \"trial\"\n}","name":"ShowNode","pid":3522,"thread":"tokio-rt-worker","ts":"2026-08-30T06:10:04.570697Z"}}
{"data":{"completed_at":"2026-08-30T06:10:05.305229Z","elapsed":1.0586299896240234,"success":true},"info":{"category":"","code":"Q039","extra":{},"invocation_id":"01a0514a-1351-7b82-b4e2-e5e4b504da4f","level":"info","msg":"\n==================== Execution Summary =====================\nFinished 'license' successfully [1.1s]","name":"CommandCompleted","pid":3522,"thread":"tokio-rt-worker","ts":"2026-08-30T06:10:05.306049Z"}}
==================== 2026-08-30T06:28:18.776262Z | 01a0515a-c6c2-7f10-8640-c16f2597b11c ====================
06:28:18.780038 [info ]: Installing dbt project and profile setup
06:28:18.795633 [info ]: Info Created .vscode/extensions.json with dbt extension recommendation
06:28:18.798081 [info ]: Success Project created successfully!
06:28:18.798165 [info ]: Info Project name: jaffle_shop
06:28:18.798203 [info ]: Info Project directory: jaffle_shop
06:28:18.798549 [info ]: Info Setting up your profile...
06:28:18.800898 [info ]: Info Creating new profile...
06:37:40.632479 [info ]: Success Profile written to /Users/abdelrahmanesmat/.dbt/profiles.yml
06:37:40.634294 [info ]: Validating profile inputs, adapters, and connection

06:37:40.634747 [info ]: dbt-fusion 2.0.0-preview.205
06:37:40.641677 [info ]: Started loading project
06:37:40.674944 [info ]: Loading ~/.dbt/profiles.yml
06:37:40.685581 [info ]: Finished loading project [  0.04s]
06:37:40.689386 [error]: [InvalidConfig (dbt1005)]: Configuration Error: The 'postgres' adapter is not yet supported by dbt Fusion. Supported adapters: snowflake, bigquery, databricks, redshift, duckdb, salesforce, clickhouse. To use an experimental adapter, set the environment variable DBT_ALLOW_EXPERIMENTAL_ADAPTERS=true. Note that experimental adapters may be unstable and are not yet recommended for production use.
06:37:41.579316 [info ]: 
==================== Execution Summary =====================
Finished 'init' with 1 error [9m 23s]
[0m09:44:13.480281 [debug] [MainThread]: Sending event: {'category': 'dbt', 'action': 'invocation', 'label': 'start', 'context': [<snowplow_tracker.self_describing_json.SelfDescribingJson object at 0x10ccca460>, <snowplow_tracker.self_describing_json.SelfDescribingJson object at 0x10e1b82b0>, <snowplow_tracker.self_describing_json.SelfDescribingJson object at 0x10e1b85e0>]}


============================== 09:44:13.491445 | b77d2cec-3084-4cbd-815e-77a9a60ab4d9 ==============================
[0m09:44:13.491445 [info ] [MainThread]: Running with dbt=1.10.23
[0m09:44:13.492287 [debug] [MainThread]: running dbt with arguments {'send_anonymous_usage_stats': 'True', 'warn_error': 'None', 'fail_fast': 'False', 'invocation_command': 'dbt init ride_hailing', 'introspect': 'True', 'quiet': 'False', 'log_format': 'default', 'no_print': 'None', 'partial_parse': 'True', 'warn_error_options': 'WarnErrorOptionsV2(error=[], warn=[], silence=[])', 'printer_width': '80', 'use_colors': 'True', 'cache_selected_only': 'False', 'static_parser': 'True', 'debug': 'False', 'indirect_selection': 'eager', 'empty': 'None', 'log_cache_events': 'False', 'log_path': 'logs', 'profiles_dir': '/Users/abdelrahmanesmat/.dbt', 'use_experimental_parser': 'False', 'version_check': 'True', 'target_path': 'None', 'write_json': 'True'}
[0m09:44:13.505845 [warn ] [MainThread]: [[33mWARNING[0m]: This version of dbt is deprecated and no longer receives regular patches, including for known bugs. Please upgrade to a newer supported version of dbt for new projects: https://docs.getdbt.com/docs/dbt-versions?utm_source=dbt-cli
[0m09:44:13.506429 [debug] [MainThread]: Sending event: {'category': 'dbt', 'action': 'deprecated_version_invocation', 'label': 'b77d2cec-3084-4cbd-815e-77a9a60ab4d9', 'context': [<snowplow_tracker.self_describing_json.SelfDescribingJson object at 0x10e176730>]}
[0m09:44:13.507987 [debug] [MainThread]: Starter project path: /Users/abdelrahmanesmat/Documents/Uber/Uber-Data-Engineering-Pipeline/venv/lib/python3.9/site-packages/dbt/include/starter_project
[0m09:44:13.519566 [info ] [MainThread]: 
Your new dbt project "ride_hailing" was created!

For more information on how to configure the profiles.yml file,
please consult the dbt documentation here:

  https://docs.getdbt.com/docs/configure-your-profile

One more thing:

Need help? Don't hesitate to reach out to us via GitHub issues or on Slack:

  https://community.getdbt.com/

Happy modeling!

[0m09:44:13.520175 [info ] [MainThread]: Setting up your profile.
[0m09:46:28.578681 [info ] [MainThread]: Profile ride_hailing written to /Users/abdelrahmanesmat/.dbt/profiles.yml using target's profile_template.yml and your supplied values. Run 'dbt debug' to validate the connection.
[0m09:46:28.593919 [debug] [MainThread]: Resource report: {"command_name": "init", "command_success": true, "command_wall_clock_time": 135.23782, "process_in_blocks": "0", "process_kernel_time": 0.325779, "process_mem_max_rss": "100904960", "process_out_blocks": "0", "process_user_time": 1.652221}
[0m09:46:28.594749 [debug] [MainThread]: Command `dbt init` succeeded at 09:46:28.594572 after 135.24 seconds
[0m09:46:28.595354 [debug] [MainThread]: Sending event: {'category': 'dbt', 'action': 'invocation', 'label': 'end', 'context': [<snowplow_tracker.self_describing_json.SelfDescribingJson object at 0x10ccca460>, <snowplow_tracker.self_describing_json.SelfDescribingJson object at 0x10e24fd90>, <snowplow_tracker.self_describing_json.SelfDescribingJson object at 0x10e583dc0>]}
[0m09:46:28.595979 [debug] [MainThread]: Flushing usage events
[0m09:46:29.732965 [debug] [MainThread]: An error was encountered while trying to flush usage events
{"data":{"log_version":3,"version":"=2.0.0-preview.205"},"info":{"category":"","code":"A001","extra":{},"invocation_id":"01a05174-8e64-7802-bc5e-9eba9afd32ff","level":"info","msg":"Running with dbt-fusion=2.0.0-preview.205","name":"MainReportVersion","pid":6359,"thread":"tokio-rt-worker","ts":"2026-08-30T06:56:28.289269Z"}}
{"data":{"args":{"debug":"false","invocation_command":"/Users/abdelrahmanesmat/.local/bin/dbt license info --json --log-format json","log_format":"json","quiet":"false","write_json":"true"}},"info":{"category":"","code":"A002","extra":{},"invocation_id":"01a05174-8e64-7802-bc5e-9eba9afd32ff","level":"debug","msg":"running dbt-fusion with arguments {\"command\":\"license\",\"vars\":\"{}\",\"limit\":\"10\",\"debug\":false,\"log_format\":\"json\",\"quiet\":false,\"write_json\":true,\"write_catalog\":false,\"manage_state\":false}","name":"MainReportArgs","pid":6359,"thread":"tokio-rt-worker","ts":"2026-08-30T06:56:28.289935Z"}}
{"data":{},"info":{"category":"","code":"","extra":{},"invocation_id":"01a05174-8e64-7802-bc5e-9eba9afd32ff","level":"debug","msg":"No platform credentials found, skipping remote license","name":"Generic","pid":6359,"thread":"tokio-rt-worker","ts":"2026-08-30T06:56:28.622294Z"}}
{"data":{},"info":{"category":"","code":"","extra":{},"invocation_id":"01a05174-8e64-7802-bc5e-9eba9afd32ff","level":"debug","msg":"Trial license from file /Users/abdelrahmanesmat/.dbt/license.trial is expired","name":"Generic","pid":6359,"thread":"tokio-rt-worker","ts":"2026-08-30T06:56:28.628594Z"}}
{"data":{"columns":[],"is_inline":true,"node_name":"license_info","output_format":"json","preview":"{\n  \"status\": \"trial_expired\",\n  \"licensing_enabled\": true,\n  \"expires_at\": \"2026-04-21T10:11:44+00:00\",\n  \"license_type\": \"trial\"\n}","unique_id":"license.info"},"info":{"category":"","code":"Q041","extra":{},"invocation_id":"01a05174-8e64-7802-bc5e-9eba9afd32ff","level":"info","msg":"{\n  \"status\": \"trial_expired\",\n  \"licensing_enabled\": true,\n  \"expires_at\": \"2026-04-21T10:11:44+00:00\",\n  \"license_type\": \"trial\"\n}","name":"ShowNode","pid":6359,"thread":"tokio-rt-worker","ts":"2026-08-30T06:56:28.628951Z"}}
{"data":{"completed_at":"2026-08-30T06:56:29.497848Z","elapsed":1.21110999584198,"success":true},"info":{"category":"","code":"Q039","extra":{},"invocation_id":"01a05174-8e64-7802-bc5e-9eba9afd32ff","level":"info","msg":"\n==================== Execution Summary =====================\nFinished 'license' successfully [1.2s]","name":"CommandCompleted","pid":6359,"thread":"tokio-rt-worker","ts":"2026-08-30T06:56:29.499464Z"}}
{"data":{"log_version":3,"version":"=2.0.0-preview.205"},"info":{"category":"","code":"A001","extra":{},"invocation_id":"01a0518b-6382-7262-91dd-edb6cd96c4ea","level":"info","msg":"Running with dbt-fusion=2.0.0-preview.205","name":"MainReportVersion","pid":10684,"thread":"tokio-rt-worker","ts":"2026-08-30T07:21:24.614002Z"}}
{"data":{"args":{"debug":"false","invocation_command":"/Users/abdelrahmanesmat/.local/bin/dbt license info --json --log-format json","log_format":"json","quiet":"false","write_json":"true"}},"info":{"category":"","code":"A002","extra":{},"invocation_id":"01a0518b-6382-7262-91dd-edb6cd96c4ea","level":"debug","msg":"running dbt-fusion with arguments {\"command\":\"license\",\"vars\":\"{}\",\"limit\":\"10\",\"debug\":false,\"log_format\":\"json\",\"quiet\":false,\"write_json\":true,\"write_catalog\":false,\"manage_state\":false}","name":"MainReportArgs","pid":10684,"thread":"tokio-rt-worker","ts":"2026-08-30T07:21:24.614032Z"}}
{"data":{},"info":{"category":"","code":"","extra":{},"invocation_id":"01a0518b-6382-7262-91dd-edb6cd96c4ea","level":"debug","msg":"No platform credentials found, skipping remote license","name":"Generic","pid":10684,"thread":"tokio-rt-worker","ts":"2026-08-30T07:21:24.946881Z"}}
{"data":{},"info":{"category":"","code":"","extra":{},"invocation_id":"01a0518b-6382-7262-91dd-edb6cd96c4ea","level":"debug","msg":"Trial license from file /Users/abdelrahmanesmat/.dbt/license.trial is expired","name":"Generic","pid":10684,"thread":"tokio-rt-worker","ts":"2026-08-30T07:21:24.952520Z"}}
{"data":{"columns":[],"is_inline":true,"node_name":"license_info","output_format":"json","preview":"{\n  \"status\": \"trial_expired\",\n  \"licensing_enabled\": true,\n  \"expires_at\": \"2026-04-21T10:11:44+00:00\",\n  \"license_type\": \"trial\"\n}","unique_id":"license.info"},"info":{"category":"","code":"Q041","extra":{},"invocation_id":"01a0518b-6382-7262-91dd-edb6cd96c4ea","level":"info","msg":"{\n  \"status\": \"trial_expired\",\n  \"licensing_enabled\": true,\n  \"expires_at\": \"2026-04-21T10:11:44+00:00\",\n  \"license_type\": \"trial\"\n}","name":"ShowNode","pid":10684,"thread":"tokio-rt-worker","ts":"2026-08-30T07:21:24.953049Z"}}
{"data":{"completed_at":"2026-08-30T07:21:25.409985Z","elapsed":0.7966220378875732,"success":true},"info":{"category":"","code":"Q039","extra":{},"invocation_id":"01a0518b-6382-7262-91dd-edb6cd96c4ea","level":"info","msg":"\n==================== Execution Summary =====================\nFinished 'license' successfully [796ms]","name":"CommandCompleted","pid":10684,"thread":"tokio-rt-worker","ts":"2026-08-30T07:21:25.410744Z"}}
{"data":{"log_version":3,"version":"=2.0.0-preview.205"},"info":{"category":"","code":"A001","extra":{},"invocation_id":"01a0518b-b0da-7383-a707-a5a7c7dd88e1","level":"info","msg":"Running with dbt-fusion=2.0.0-preview.205","name":"MainReportVersion","pid":10870,"thread":"tokio-rt-worker","ts":"2026-08-30T07:21:44.412276Z"}}
{"data":{"args":{"debug":"false","invocation_command":"/Users/abdelrahmanesmat/.local/bin/dbt license info --json --log-format json","log_format":"json","quiet":"false","write_json":"true"}},"info":{"category":"","code":"A002","extra":{},"invocation_id":"01a0518b-b0da-7383-a707-a5a7c7dd88e1","level":"debug","msg":"running dbt-fusion with arguments {\"command\":\"license\",\"vars\":\"{}\",\"limit\":\"10\",\"debug\":false,\"log_format\":\"json\",\"quiet\":false,\"write_json\":true,\"write_catalog\":false,\"manage_state\":false}","name":"MainReportArgs","pid":10870,"thread":"tokio-rt-worker","ts":"2026-08-30T07:21:44.412306Z"}}
{"data":{},"info":{"category":"","code":"","extra":{},"invocation_id":"01a0518b-b0da-7383-a707-a5a7c7dd88e1","level":"debug","msg":"No platform credentials found, skipping remote license","name":"Generic","pid":10870,"thread":"tokio-rt-worker","ts":"2026-08-30T07:21:44.724908Z"}}
{"data":{},"info":{"category":"","code":"","extra":{},"invocation_id":"01a0518b-b0da-7383-a707-a5a7c7dd88e1","level":"debug","msg":"Trial license from file /Users/abdelrahmanesmat/.dbt/license.trial is expired","name":"Generic","pid":10870,"thread":"tokio-rt-worker","ts":"2026-08-30T07:21:44.725215Z"}}
{"data":{"columns":[],"is_inline":true,"node_name":"license_info","output_format":"json","preview":"{\n  \"status\": \"trial_expired\",\n  \"licensing_enabled\": true,\n  \"expires_at\": \"2026-04-21T10:11:44+00:00\",\n  \"license_type\": \"trial\"\n}","unique_id":"license.info"},"info":{"category":"","code":"Q041","extra":{},"invocation_id":"01a0518b-b0da-7383-a707-a5a7c7dd88e1","level":"info","msg":"{\n  \"status\": \"trial_expired\",\n  \"licensing_enabled\": true,\n  \"expires_at\": \"2026-04-21T10:11:44+00:00\",\n  \"license_type\": \"trial\"\n}","name":"ShowNode","pid":10870,"thread":"tokio-rt-worker","ts":"2026-08-30T07:21:44.725389Z"}}
{"data":{"completed_at":"2026-08-30T07:21:45.172671Z","elapsed":0.7605339884757996,"success":true},"info":{"category":"","code":"Q039","extra":{},"invocation_id":"01a0518b-b0da-7383-a707-a5a7c7dd88e1","level":"info","msg":"\n==================== Execution Summary =====================\nFinished 'license' successfully [760ms]","name":"CommandCompleted","pid":10870,"thread":"tokio-rt-worker","ts":"2026-08-30T07:21:45.172916Z"}}
